// Jest Snapshot v1, https://goo.gl/fbAQLP

exports[`branded-button tests renders correctly 1`] = `
<View
  accessibilityRole="button"
  accessible={true}
  focusable={true}
  onClick={[Function]}
  onResponderGrant={[Function]}
  onResponderMove={[Function]}
  onResponderRelease={[Function]}
  onResponderTerminate={[Function]}
  onResponderTerminationRequest={[Function]}
  onStartShouldSetResponder={[Function]}
  style={
    Object {
      "alignItems": "center",
      "backgroundColor": "#024364",
      "borderRadius": 28,
      "elevation": 0,
      "height": 56,
      "justifyContent": "center",
      "opacity": 1,
    }
  }
  testID="button-test-ID"
>
  <Text
    style={
      Array [
        Object {
          "color": "#24262B",
          "fontFamily": "SofiaPro-Light",
          "fontSize": 16,
          "lineHeight": 24,
        },
        Object {
          "color": "#FFFFFF",
        },
      ]
    }
  >
    This is a branded button
  </Text>
</View>
`;
